#-----------------------------------------------------------
# xsim v2023.1 (64-bit)
# SW Build 3865809 on Sun May  7 15:04:56 MDT 2023
# IP Build 3864474 on Sun May  7 20:36:21 MDT 2023
# SharedData Build 3865790 on Sun May 07 13:33:03 MDT 2023
# Start of session at: Wed Aug 19 10:48:57 2026
# Process ID: 13988
# Current directory: /home/mohamed/Nile_intern/Tasks/Mobilenet_project/test/lenet_project/lenet5_hls_100/myproject_prj/solution1/sim/verilog
# Command line: xsim -mode tcl -source {xsim.dir/myproject/xsim_script.tcl}
# Log file: /home/mohamed/Nile_intern/Tasks/Mobilenet_project/test/lenet_project/lenet5_hls_100/myproject_prj/solution1/sim/verilog/xsim.log
# Journal file: /home/mohamed/Nile_intern/Tasks/Mobilenet_project/test/lenet_project/lenet5_hls_100/myproject_prj/solution1/sim/verilog/xsim.jou
# Running On: mohamed, OS: Linux, CPU Frequency: 3475.375 MHz, CPU Physical cores: 4, Host memory: 16643 MB
#-----------------------------------------------------------
source xsim.dir/myproject/xsim_script.tcl
# xsim {myproject} -view {{myproject_dataflow_ana.wcfg}} -tclbatch {myproject.tcl} -protoinst {myproject.protoinst}
INFO: [Wavedata 42-565] Reading protoinst file myproject.protoinst
INFO: [Wavedata 42-564]   Found protocol instance at /apatb_myproject_top/AESL_inst_myproject//AESL_inst_myproject_activity
INFO: [Wavedata 42-564]   Found protocol instance at /apatb_myproject_top/AESL_inst_myproject/conv_2d_cl_array_ap_fixed_1u_array_ap_fixed_30_15_5_3_0_6u_config2_U0/conv_2d_cl_array_ap_fixed_1u_array_ap_fixed_30_15_5_3_0_6u_config2_U0_activity
INFO: [Wavedata 42-564]   Found protocol instance at /apatb_myproject_top/AESL_inst_myproject/conv_2d_cl_array_ap_fixed_1u_array_ap_fixed_30_15_5_3_0_6u_config2_U0/grp_compute_output_buffer_2d_array_array_ap_fixed_30_15_5_3_0_6u_config2_s_fu_120/call_ln281_shift_line_buffer_array_ap_fixed_16_6_5_3_0_1u_config2_s_fu_128/call_ln281_shift_line_buffer_array_ap_fixed_16_6_5_3_0_1u_config2_s_fu_128_activity
INFO: [Wavedata 42-564]   Found protocol instance at /apatb_myproject_top/AESL_inst_myproject/conv_2d_cl_array_ap_fixed_1u_array_ap_fixed_30_15_5_3_0_6u_config2_U0/grp_compute_output_buffer_2d_array_array_ap_fixed_30_15_5_3_0_6u_config2_s_fu_120/grp_compute_output_buffer_2d_array_array_ap_fixed_30_15_5_3_0_6u_config2_s_fu_120_activity
INFO: [Wavedata 42-564]   Found protocol instance at /apatb_myproject_top/AESL_inst_myproject/conv_2d_cl_array_ap_ufixed_6u_array_ap_fixed_25_12_5_3_0_16u_config6_U0/conv_2d_cl_array_ap_ufixed_6u_array_ap_fixed_25_12_5_3_0_16u_config6_U0_activity
INFO: [Wavedata 42-564]   Found protocol instance at /apatb_myproject_top/AESL_inst_myproject/conv_2d_cl_array_ap_ufixed_6u_array_ap_fixed_25_12_5_3_0_16u_config6_U0/grp_compute_output_buffer_2d_array_array_ap_fixed_25_12_5_3_0_16u_config6_s_fu_428/call_ln281_shift_line_buffer_array_ap_ufixed_8_0_4_0_0_6u_config6_s_fu_457/call_ln281_shift_line_buffer_array_ap_ufixed_8_0_4_0_0_6u_config6_s_fu_457_activity
INFO: [Wavedata 42-564]   Found protocol instance at /apatb_myproject_top/AESL_inst_myproject/conv_2d_cl_array_ap_ufixed_6u_array_ap_fixed_25_12_5_3_0_16u_config6_U0/grp_compute_output_buffer_2d_array_array_ap_fixed_25_12_5_3_0_16u_config6_s_fu_428/grp_compute_output_buffer_2d_array_array_ap_fixed_25_12_5_3_0_16u_config6_s_fu_428_activity
INFO: [Wavedata 42-564]   Found protocol instance at /apatb_myproject_top/AESL_inst_myproject/dense_array_ap_ufixed_120u_array_ap_fixed_24_11_5_3_0_84u_config14_U0/dense_array_ap_ufixed_120u_array_ap_fixed_24_11_5_3_0_84u_config14_U0_activity
INFO: [Wavedata 42-564]   Found protocol instance at /apatb_myproject_top/AESL_inst_myproject/dense_array_ap_ufixed_16u_array_ap_fixed_25_12_5_3_0_120u_config11_U0/dense_array_ap_ufixed_16u_array_ap_fixed_25_12_5_3_0_120u_config11_U0_activity
INFO: [Wavedata 42-564]   Found protocol instance at /apatb_myproject_top/AESL_inst_myproject/dense_array_ap_ufixed_16u_array_ap_fixed_25_12_5_3_0_120u_config11_U0/grp_dense_array_array_ap_fixed_25_12_5_3_0_120u_config11_Pipeline_DataPrepare_fu_4357/grp_dense_array_array_ap_fixed_25_12_5_3_0_120u_config11_Pipeline_DataPrepare_fu_4357_activity
INFO: [Wavedata 42-564]   Found protocol instance at /apatb_myproject_top/AESL_inst_myproject/dense_array_ap_ufixed_84u_array_ap_fixed_16_6_0_0_0_10u_config17_U0/dense_array_ap_ufixed_84u_array_ap_fixed_16_6_0_0_0_10u_config17_U0_activity
INFO: [Wavedata 42-564]   Found protocol instance at /apatb_myproject_top/AESL_inst_myproject/normalize_array_ap_fixed_10u_array_ap_fixed_16_6_5_3_0_10u_config24_U0/normalize_array_ap_fixed_10u_array_ap_fixed_16_6_5_3_0_10u_config24_U0_activity
INFO: [Wavedata 42-564]   Found protocol instance at /apatb_myproject_top/AESL_inst_myproject/normalize_array_ap_fixed_16u_array_ap_fixed_16_6_5_3_0_16u_config21_U0/normalize_array_ap_fixed_16u_array_ap_fixed_16_6_5_3_0_16u_config21_U0_activity
INFO: [Wavedata 42-564]   Found protocol instance at /apatb_myproject_top/AESL_inst_myproject/normalize_array_ap_fixed_6u_array_ap_fixed_16_6_5_3_0_6u_config20_U0/normalize_array_ap_fixed_6u_array_ap_fixed_16_6_5_3_0_6u_config20_U0_activity
INFO: [Wavedata 42-564]   Found protocol instance at /apatb_myproject_top/AESL_inst_myproject/normalize_array_ap_fixed_84u_array_ap_fixed_16_6_5_3_0_84u_config23_U0/normalize_array_ap_fixed_84u_array_ap_fixed_16_6_5_3_0_84u_config23_U0_activity
INFO: [Wavedata 42-564]   Found protocol instance at /apatb_myproject_top/AESL_inst_myproject/normalize_array_array_ap_fixed_16_6_5_3_0_120u_config22_U0/normalize_array_array_ap_fixed_16_6_5_3_0_120u_config22_U0_activity
INFO: [Wavedata 42-564]   Found protocol instance at /apatb_myproject_top/AESL_inst_myproject/pooling2d_cl_array_ap_ufixed_6u_array_ap_ufixed_8_0_4_0_0_6u_config5_U0/pooling2d_cl_array_ap_ufixed_6u_array_ap_ufixed_8_0_4_0_0_6u_config5_U0_activity
INFO: [Wavedata 42-564]   Found protocol instance at /apatb_myproject_top/AESL_inst_myproject/pooling2d_cl_array_array_ap_ufixed_8_0_4_0_0_16u_config9_U0/pooling2d_cl_array_array_ap_ufixed_8_0_4_0_0_16u_config9_U0_activity
INFO: [Wavedata 42-564]   Found protocol instance at /apatb_myproject_top/AESL_inst_myproject/relu_array_ap_fixed_16u_array_ap_ufixed_8_0_4_0_0_16u_relu_config8_U0/relu_array_ap_fixed_16u_array_ap_ufixed_8_0_4_0_0_16u_relu_config8_U0_activity
INFO: [Wavedata 42-564]   Found protocol instance at /apatb_myproject_top/AESL_inst_myproject/relu_array_ap_fixed_6u_array_ap_ufixed_8_0_4_0_0_6u_relu_config4_U0/relu_array_ap_fixed_6u_array_ap_ufixed_8_0_4_0_0_6u_relu_config4_U0_activity
INFO: [Wavedata 42-564]   Found protocol instance at /apatb_myproject_top/AESL_inst_myproject/relu_array_ap_fixed_84u_array_ap_ufixed_8_0_4_0_0_84u_relu_config16_U0/relu_array_ap_fixed_84u_array_ap_ufixed_8_0_4_0_0_84u_relu_config16_U0_activity
INFO: [Wavedata 42-564]   Found protocol instance at /apatb_myproject_top/AESL_inst_myproject/relu_array_array_ap_ufixed_8_0_4_0_0_120u_relu_config13_U0/relu_array_array_ap_ufixed_8_0_4_0_0_120u_relu_config13_U0_activity
INFO: [Wavedata 42-564]   Found protocol instance at /apatb_myproject_top/AESL_inst_myproject/softmax_array_array_ap_fixed_16_6_5_3_0_10u_softmax_config19_U0/grp_softmax_stable_array_array_ap_fixed_16_6_5_3_0_10u_softmax_config19_s_fu_26/grp_softmax_stable_array_array_ap_fixed_16_6_5_3_0_10u_softmax_config19_s_fu_26_activity
INFO: [Wavedata 42-564]   Found protocol instance at /apatb_myproject_top/AESL_inst_myproject/softmax_array_array_ap_fixed_16_6_5_3_0_10u_softmax_config19_U0/softmax_array_array_ap_fixed_16_6_5_3_0_10u_softmax_config19_U0_activity
Time resolution is 1 ps
open_wave_config myproject_dataflow_ana.wcfg
WARNING: Simulation object /apatb_myproject_top/AESL_inst_myproject/softmax_array_array_ap_fixed_16_6_5_3_0_10u_softmax_config19_U0/exp_table_address0 was not found in the design.
WARNING: Simulation object /apatb_myproject_top/AESL_inst_myproject/softmax_array_array_ap_fixed_16_6_5_3_0_10u_softmax_config19_U0/exp_table_q0 was not found in the design.
WARNING: Simulation object /apatb_myproject_top/AESL_inst_myproject/softmax_array_array_ap_fixed_16_6_5_3_0_10u_softmax_config19_U0/exp_table_ce0 was not found in the design.
WARNING: Simulation object /apatb_myproject_top/AESL_inst_myproject/softmax_array_array_ap_fixed_16_6_5_3_0_10u_softmax_config19_U0/invert_table_address0 was not found in the design.
WARNING: Simulation object /apatb_myproject_top/AESL_inst_myproject/softmax_array_array_ap_fixed_16_6_5_3_0_10u_softmax_config19_U0/invert_table_q0 was not found in the design.
WARNING: Simulation object /apatb_myproject_top/AESL_inst_myproject/softmax_array_array_ap_fixed_16_6_5_3_0_10u_softmax_config19_U0/invert_table_ce0 was not found in the design.
source myproject.tcl
## set designtopgroup [add_wave_group "Design Top Signals"]
## set coutputgroup [add_wave_group "C Outputs" -into $designtopgroup]
## set return_group [add_wave_group return(axis) -into $coutputgroup]
## add_wave /apatb_myproject_top/AESL_inst_myproject/layer19_out_TREADY -into $return_group -color #ffff00 -radix hex
## add_wave /apatb_myproject_top/AESL_inst_myproject/layer19_out_TVALID -into $return_group -color #ffff00 -radix hex
## add_wave /apatb_myproject_top/AESL_inst_myproject/layer19_out_TDATA -into $return_group -radix hex
## set cinputgroup [add_wave_group "C Inputs" -into $designtopgroup]
## set return_group [add_wave_group return(axis) -into $cinputgroup]
## add_wave /apatb_myproject_top/AESL_inst_myproject/q_conv2d_input_TREADY -into $return_group -color #ffff00 -radix hex
## add_wave /apatb_myproject_top/AESL_inst_myproject/q_conv2d_input_TVALID -into $return_group -color #ffff00 -radix hex
## add_wave /apatb_myproject_top/AESL_inst_myproject/q_conv2d_input_TDATA -into $return_group -radix hex
## set blocksiggroup [add_wave_group "Block-level IO Handshake" -into $designtopgroup]
## add_wave /apatb_myproject_top/AESL_inst_myproject/ap_start -into $blocksiggroup
## add_wave /apatb_myproject_top/AESL_inst_myproject/ap_done -into $blocksiggroup
## add_wave /apatb_myproject_top/AESL_inst_myproject/ap_ready -into $blocksiggroup
## add_wave /apatb_myproject_top/AESL_inst_myproject/ap_idle -into $blocksiggroup
## set resetgroup [add_wave_group "Reset" -into $designtopgroup]
## add_wave /apatb_myproject_top/AESL_inst_myproject/ap_rst_n -into $resetgroup
## set clockgroup [add_wave_group "Clock" -into $designtopgroup]
## add_wave /apatb_myproject_top/AESL_inst_myproject/ap_clk -into $clockgroup
## set testbenchgroup [add_wave_group "Test Bench Signals"]
## set tbinternalsiggroup [add_wave_group "Internal Signals" -into $testbenchgroup]
## set tb_simstatus_group [add_wave_group "Simulation Status" -into $tbinternalsiggroup]
## set tb_portdepth_group [add_wave_group "Port Depth" -into $tbinternalsiggroup]
## add_wave /apatb_myproject_top/AUTOTB_TRANSACTION_NUM -into $tb_simstatus_group -radix hex
## add_wave /apatb_myproject_top/ready_cnt -into $tb_simstatus_group -radix hex
## add_wave /apatb_myproject_top/done_cnt -into $tb_simstatus_group -radix hex
## add_wave /apatb_myproject_top/LENGTH_layer19_out -into $tb_portdepth_group -radix hex
## add_wave /apatb_myproject_top/LENGTH_q_conv2d_input -into $tb_portdepth_group -radix hex
## set tbcoutputgroup [add_wave_group "C Outputs" -into $testbenchgroup]
## set tb_return_group [add_wave_group return(axis) -into $tbcoutputgroup]
## add_wave /apatb_myproject_top/layer19_out_TREADY -into $tb_return_group -color #ffff00 -radix hex
## add_wave /apatb_myproject_top/layer19_out_TVALID -into $tb_return_group -color #ffff00 -radix hex
## add_wave /apatb_myproject_top/layer19_out_TDATA -into $tb_return_group -radix hex
## set tbcinputgroup [add_wave_group "C Inputs" -into $testbenchgroup]
## set tb_return_group [add_wave_group return(axis) -into $tbcinputgroup]
## add_wave /apatb_myproject_top/q_conv2d_input_TREADY -into $tb_return_group -color #ffff00 -radix hex
## add_wave /apatb_myproject_top/q_conv2d_input_TVALID -into $tb_return_group -color #ffff00 -radix hex
## add_wave /apatb_myproject_top/q_conv2d_input_TDATA -into $tb_return_group -radix hex
## save_wave_config myproject.wcfg
## run all
////////////////////////////////////////////////////////////////////////////////////
// Inter-Transaction Progress: Completed Transaction / Total Transaction
// Intra-Transaction Progress: Measured Latency / Latency Estimation * 100%
//
// RTL Simulation : "Inter-Transaction Progress" ["Intra-Transaction Progress"] @ "Simulation Time"
////////////////////////////////////////////////////////////////////////////////////
// RTL Simulation : 0 / 100 [0.00%] @ "113000"
// RTL Simulation : 1 / 100 [150.80%] @ "69163000"
// RTL Simulation : 2 / 100 [150.80%] @ "96613000"
// RTL Simulation : 3 / 100 [150.80%] @ "124063000"
// RTL Simulation : 4 / 100 [150.80%] @ "151513000"
// RTL Simulation : 5 / 100 [150.80%] @ "178963000"
// RTL Simulation : 6 / 100 [150.80%] @ "206413000"
// RTL Simulation : 7 / 100 [150.80%] @ "233863000"
// RTL Simulation : 8 / 100 [150.80%] @ "261313000"
// RTL Simulation : 9 / 100 [150.80%] @ "288763000"
// RTL Simulation : 10 / 100 [150.80%] @ "316213000"
// RTL Simulation : 11 / 100 [150.80%] @ "343663000"
// RTL Simulation : 12 / 100 [150.80%] @ "371113000"
// RTL Simulation : 13 / 100 [150.80%] @ "398563000"
// RTL Simulation : 14 / 100 [150.80%] @ "426013000"
// RTL Simulation : 15 / 100 [150.80%] @ "453463000"
// RTL Simulation : 16 / 100 [150.80%] @ "480913000"
// RTL Simulation : 17 / 100 [150.80%] @ "508363000"
// RTL Simulation : 18 / 100 [150.80%] @ "535813000"
// RTL Simulation : 19 / 100 [150.80%] @ "563263000"
// RTL Simulation : 20 / 100 [150.80%] @ "590713000"
// RTL Simulation : 21 / 100 [150.80%] @ "618163000"
// RTL Simulation : 22 / 100 [150.80%] @ "645613000"
// RTL Simulation : 23 / 100 [150.80%] @ "673063000"
// RTL Simulation : 24 / 100 [150.80%] @ "700513000"
// RTL Simulation : 25 / 100 [150.80%] @ "727963000"
// RTL Simulation : 26 / 100 [150.80%] @ "755413000"
// RTL Simulation : 27 / 100 [150.80%] @ "782863000"
// RTL Simulation : 28 / 100 [150.80%] @ "810313000"
// RTL Simulation : 29 / 100 [150.80%] @ "837763000"
// RTL Simulation : 30 / 100 [150.80%] @ "865213000"
// RTL Simulation : 31 / 100 [150.80%] @ "892663000"
// RTL Simulation : 32 / 100 [150.80%] @ "920113000"
// RTL Simulation : 33 / 100 [150.80%] @ "947563000"
// RTL Simulation : 34 / 100 [150.80%] @ "975013000"
// RTL Simulation : 35 / 100 [150.80%] @ "1002463000"
// RTL Simulation : 36 / 100 [150.80%] @ "1029913000"
// RTL Simulation : 37 / 100 [150.80%] @ "1057363000"
// RTL Simulation : 38 / 100 [150.80%] @ "1084813000"
// RTL Simulation : 39 / 100 [150.80%] @ "1112263000"
// RTL Simulation : 40 / 100 [150.80%] @ "1139713000"
// RTL Simulation : 41 / 100 [150.80%] @ "1167163000"
// RTL Simulation : 42 / 100 [150.80%] @ "1194613000"
// RTL Simulation : 43 / 100 [150.80%] @ "1222063000"
// RTL Simulation : 44 / 100 [150.80%] @ "1249513000"
// RTL Simulation : 45 / 100 [150.80%] @ "1276963000"
// RTL Simulation : 46 / 100 [150.80%] @ "1304413000"
// RTL Simulation : 47 / 100 [150.80%] @ "1331863000"
// RTL Simulation : 48 / 100 [150.80%] @ "1359313000"
// RTL Simulation : 49 / 100 [150.80%] @ "1386763000"
// RTL Simulation : 50 / 100 [150.80%] @ "1414213000"
// RTL Simulation : 51 / 100 [150.80%] @ "1441663000"
// RTL Simulation : 52 / 100 [150.80%] @ "1469113000"
// RTL Simulation : 53 / 100 [150.80%] @ "1496563000"
// RTL Simulation : 54 / 100 [150.80%] @ "1524013000"
// RTL Simulation : 55 / 100 [150.80%] @ "1551463000"
// RTL Simulation : 56 / 100 [150.80%] @ "1578913000"
// RTL Simulation : 57 / 100 [150.80%] @ "1606363000"
// RTL Simulation : 58 / 100 [150.80%] @ "1633813000"
// RTL Simulation : 59 / 100 [150.80%] @ "1661263000"
// RTL Simulation : 60 / 100 [150.80%] @ "1688713000"
// RTL Simulation : 61 / 100 [150.80%] @ "1716163000"
// RTL Simulation : 62 / 100 [150.80%] @ "1743613000"
// RTL Simulation : 63 / 100 [150.80%] @ "1771063000"
// RTL Simulation : 64 / 100 [150.80%] @ "1798513000"
// RTL Simulation : 65 / 100 [150.80%] @ "1825963000"
// RTL Simulation : 66 / 100 [150.80%] @ "1853413000"
// RTL Simulation : 67 / 100 [150.80%] @ "1880863000"
// RTL Simulation : 68 / 100 [150.80%] @ "1908313000"
// RTL Simulation : 69 / 100 [150.80%] @ "1935763000"
// RTL Simulation : 70 / 100 [150.80%] @ "1963213000"
// RTL Simulation : 71 / 100 [150.80%] @ "1990663000"
// RTL Simulation : 72 / 100 [150.80%] @ "2018113000"
// RTL Simulation : 73 / 100 [150.80%] @ "2045563000"
// RTL Simulation : 74 / 100 [150.80%] @ "2073013000"
// RTL Simulation : 75 / 100 [150.80%] @ "2100463000"
// RTL Simulation : 76 / 100 [150.80%] @ "2127913000"
// RTL Simulation : 77 / 100 [150.80%] @ "2155363000"
// RTL Simulation : 78 / 100 [150.80%] @ "2182813000"
// RTL Simulation : 79 / 100 [150.80%] @ "2210263000"
// RTL Simulation : 80 / 100 [150.80%] @ "2237713000"
// RTL Simulation : 81 / 100 [150.80%] @ "2265163000"
// RTL Simulation : 82 / 100 [150.80%] @ "2292613000"
// RTL Simulation : 83 / 100 [150.80%] @ "2320063000"
// RTL Simulation : 84 / 100 [150.80%] @ "2347513000"
// RTL Simulation : 85 / 100 [150.80%] @ "2374963000"
// RTL Simulation : 86 / 100 [150.80%] @ "2402413000"
// RTL Simulation : 87 / 100 [150.80%] @ "2429863000"
// RTL Simulation : 88 / 100 [150.80%] @ "2457313000"
// RTL Simulation : 89 / 100 [150.80%] @ "2484763000"
// RTL Simulation : 90 / 100 [150.80%] @ "2512213000"
// RTL Simulation : 91 / 100 [150.80%] @ "2539663000"
// RTL Simulation : 92 / 100 [150.80%] @ "2567113000"
// RTL Simulation : 93 / 100 [150.80%] @ "2594563000"
// RTL Simulation : 94 / 100 [150.80%] @ "2622013000"
// RTL Simulation : 95 / 100 [150.80%] @ "2649463000"
// RTL Simulation : 96 / 100 [150.80%] @ "2676913000"
// RTL Simulation : 97 / 100 [150.80%] @ "2704363000"
// RTL Simulation : 98 / 100 [150.80%] @ "2731813000"
// RTL Simulation : 99 / 100 [102.25%] @ "2745873000"
// RTL Simulation : 100 / 100 [100.00%] @ "2746173000"
////////////////////////////////////////////////////////////////////////////////////
$finish called at time : 2746202500 ps : File "/home/mohamed/Nile_intern/Tasks/Mobilenet_project/test/lenet_project/lenet5_hls_100/myproject_prj/solution1/sim/verilog/myproject.autotb.v" Line 249
run: Time (s): cpu = 00:05:43 ; elapsed = 00:05:51 . Memory (MB): peak = 2000.062 ; gain = 0.000 ; free physical = 6570 ; free virtual = 48157
## quit
INFO: xsimkernel Simulation Memory Usage: 183884 KB (Peak: 194560 KB), Simulation CPU Usage: 243350 ms
INFO: [Common 17-206] Exiting xsim at Wed Aug 19 10:54:52 2026...
